[2025-12-08 16:26:21,627] [ERROR] django.request - Internal Server Error: /redoc/
Traceback (most recent call last):
  File "/home/zuma/work/sneda-motors-ecormerce/env/lib/python3.12/site-packages/django/core/handlers/exception.py", line 55, in inner
    response = get_response(request)
               ^^^^^^^^^^^^^^^^^^^^^
  File "/home/zuma/work/sneda-motors-ecormerce/env/lib/python3.12/site-packages/django/core/handlers/base.py", line 197, in _get_response
    response = wrapped_callback(request, *callback_args, **callback_kwargs)
               ^^^^^^^^^^^^^^^^^^^^^^^^^^^^^^^^^^^^^^^^^^^^^^^^^^^^^^^^^^^^
  File "/home/zuma/work/sneda-motors-ecormerce/env/lib/python3.12/site-packages/django/views/decorators/csrf.py", line 65, in _view_wrapper
    return view_func(request, *args, **kwargs)
           ^^^^^^^^^^^^^^^^^^^^^^^^^^^^^^^^^^^
  File "/home/zuma/work/sneda-motors-ecormerce/env/lib/python3.12/site-packages/django/views/generic/base.py", line 105, in view
    return self.dispatch(request, *args, **kwargs)
           ^^^^^^^^^^^^^^^^^^^^^^^^^^^^^^^^^^^^^^^
  File "/home/zuma/work/sneda-motors-ecormerce/env/lib/python3.12/site-packages/rest_framework/views.py", line 515, in dispatch
    response = self.handle_exception(exc)
               ^^^^^^^^^^^^^^^^^^^^^^^^^^
  File "/home/zuma/work/sneda-motors-ecormerce/env/lib/python3.12/site-packages/rest_framework/views.py", line 475, in handle_exception
    self.raise_uncaught_exception(exc)
  File "/home/zuma/work/sneda-motors-ecormerce/env/lib/python3.12/site-packages/rest_framework/views.py", line 486, in raise_uncaught_exception
    raise exc
  File "/home/zuma/work/sneda-motors-ecormerce/env/lib/python3.12/site-packages/rest_framework/views.py", line 512, in dispatch
    response = handler(request, *args, **kwargs)
               ^^^^^^^^^^^^^^^^^^^^^^^^^^^^^^^^^
  File "/home/zuma/work/sneda-motors-ecormerce/env/lib/python3.12/site-packages/drf_yasg/views.py", line 129, in get
    schema = generator.get_schema(request, self.public)
             ^^^^^^^^^^^^^^^^^^^^^^^^^^^^^^^^^^^^^^^^^^
  File "/home/zuma/work/sneda-motors-ecormerce/env/lib/python3.12/site-packages/drf_yasg/generators.py", line 337, in get_schema
    paths, prefix = self.get_paths(endpoints, components, request, public)
                    ^^^^^^^^^^^^^^^^^^^^^^^^^^^^^^^^^^^^^^^^^^^^^^^^^^^^^^
  File "/home/zuma/work/sneda-motors-ecormerce/env/lib/python3.12/site-packages/drf_yasg/generators.py", line 561, in get_paths
    operation = self.get_operation(
                ^^^^^^^^^^^^^^^^^^^
  File "/home/zuma/work/sneda-motors-ecormerce/env/lib/python3.12/site-packages/drf_yasg/generators.py", line 609, in get_operation
    operation = view_inspector.get_operation(operation_keys)
                ^^^^^^^^^^^^^^^^^^^^^^^^^^^^^^^^^^^^^^^^^^^^
  File "/home/zuma/work/sneda-motors-ecormerce/env/lib/python3.12/site-packages/drf_yasg/inspectors/view.py", line 58, in get_operation
    responses = self.get_responses()
                ^^^^^^^^^^^^^^^^^^^^
  File "/home/zuma/work/sneda-motors-ecormerce/env/lib/python3.12/site-packages/drf_yasg/inspectors/view.py", line 224, in get_responses
    response_serializers = self.get_response_serializers()
                           ^^^^^^^^^^^^^^^^^^^^^^^^^^^^^^^
  File "/home/zuma/work/sneda-motors-ecormerce/env/lib/python3.12/site-packages/drf_yasg/inspectors/view.py", line 289, in get_response_serializers
    responses = self.get_default_responses()
                ^^^^^^^^^^^^^^^^^^^^^^^^^^^^
  File "/home/zuma/work/sneda-motors-ecormerce/env/lib/python3.12/site-packages/drf_yasg/inspectors/view.py", line 257, in get_default_responses
    default_schema = self.serializer_to_schema(default_schema) or ""
                     ^^^^^^^^^^^^^^^^^^^^^^^^^^^^^^^^^^^^^^^^^
  File "/home/zuma/work/sneda-motors-ecormerce/env/lib/python3.12/site-packages/drf_yasg/inspectors/base.py", line 551, in serializer_to_schema
    return self.probe_inspectors(
           ^^^^^^^^^^^^^^^^^^^^^^
  File "/home/zuma/work/sneda-motors-ecormerce/env/lib/python3.12/site-packages/drf_yasg/inspectors/base.py", line 137, in probe_inspectors
    result = method(obj, **kwargs)
             ^^^^^^^^^^^^^^^^^^^^^
  File "/home/zuma/work/sneda-motors-ecormerce/env/lib/python3.12/site-packages/drf_yasg/inspectors/field.py", line 55, in get_schema
    return self.probe_field_inspectors(
           ^^^^^^^^^^^^^^^^^^^^^^^^^^^^
  File "/home/zuma/work/sneda-motors-ecormerce/env/lib/python3.12/site-packages/drf_yasg/inspectors/base.py", line 277, in probe_field_inspectors
    return self.probe_inspectors(
           ^^^^^^^^^^^^^^^^^^^^^^
  File "/home/zuma/work/sneda-motors-ecormerce/env/lib/python3.12/site-packages/drf_yasg/inspectors/base.py", line 137, in probe_inspectors
    result = method(obj, **kwargs)
             ^^^^^^^^^^^^^^^^^^^^^
  File "/home/zuma/work/sneda-motors-ecormerce/env/lib/python3.12/site-packages/drf_yasg/inspectors/field.py", line 154, in field_to_swagger_object
    actual_schema = definitions.setdefault(ref_name, make_schema_definition)
                    ^^^^^^^^^^^^^^^^^^^^^^^^^^^^^^^^^^^^^^^^^^^^^^^^^^^^^^^^
  File "/home/zuma/work/sneda-motors-ecormerce/env/lib/python3.12/site-packages/drf_yasg/openapi.py", line 822, in setdefault
    ret = maker()
          ^^^^^^^
  File "/home/zuma/work/sneda-motors-ecormerce/env/lib/python3.12/site-packages/drf_yasg/inspectors/field.py", line 130, in make_schema_definition
    child_schema = self.probe_field_inspectors(
                   ^^^^^^^^^^^^^^^^^^^^^^^^^^^^
  File "/home/zuma/work/sneda-motors-ecormerce/env/lib/python3.12/site-packages/drf_yasg/inspectors/base.py", line 277, in probe_field_inspectors
    return self.probe_inspectors(
           ^^^^^^^^^^^^^^^^^^^^^^
  File "/home/zuma/work/sneda-motors-ecormerce/env/lib/python3.12/site-packages/drf_yasg/inspectors/base.py", line 137, in probe_inspectors
    result = method(obj, **kwargs)
             ^^^^^^^^^^^^^^^^^^^^^
  File "/home/zuma/work/sneda-motors-ecormerce/env/lib/python3.12/site-packages/drf_yasg/inspectors/field.py", line 154, in field_to_swagger_object
    actual_schema = definitions.setdefault(ref_name, make_schema_definition)
                    ^^^^^^^^^^^^^^^^^^^^^^^^^^^^^^^^^^^^^^^^^^^^^^^^^^^^^^^^
  File "/home/zuma/work/sneda-motors-ecormerce/env/lib/python3.12/site-packages/drf_yasg/openapi.py", line 822, in setdefault
    ret = maker()
          ^^^^^^^
  File "/home/zuma/work/sneda-motors-ecormerce/env/lib/python3.12/site-packages/drf_yasg/inspectors/field.py", line 125, in make_schema_definition
    for property_name, child in serializer.fields.items():
                                ^^^^^^^^^^^^^^^^^
  File "/home/zuma/work/sneda-motors-ecormerce/env/lib/python3.12/site-packages/django/utils/functional.py", line 47, in __get__
    res = instance.__dict__[self.name] = self.func(instance)
                                         ^^^^^^^^^^^^^^^^^^^
  File "/home/zuma/work/sneda-motors-ecormerce/env/lib/python3.12/site-packages/rest_framework/serializers.py", line 374, in fields
    for key, value in self.get_fields().items():
                      ^^^^^^^^^^^^^^^^^
  File "/home/zuma/work/sneda-motors-ecormerce/env/lib/python3.12/site-packages/rest_framework/serializers.py", line 1056, in get_fields
    assert hasattr(self, 'Meta'), (
           ^^^^^^^^^^^^^^^^^^^^^
AssertionError: Class ProductSerializer missing "Meta" attribute
[2025-12-08 16:26:21,638] [ERROR] django.server - "GET /redoc/?format=openapi HTTP/1.1" 500 240207
[2025-12-08 16:27:02,479] [ERROR] django.request - Internal Server Error: /redoc/
Traceback (most recent call last):
  File "/home/zuma/work/sneda-motors-ecormerce/env/lib/python3.12/site-packages/django/core/handlers/exception.py", line 55, in inner
    response = get_response(request)
               ^^^^^^^^^^^^^^^^^^^^^
  File "/home/zuma/work/sneda-motors-ecormerce/env/lib/python3.12/site-packages/django/core/handlers/base.py", line 197, in _get_response
    response = wrapped_callback(request, *callback_args, **callback_kwargs)
               ^^^^^^^^^^^^^^^^^^^^^^^^^^^^^^^^^^^^^^^^^^^^^^^^^^^^^^^^^^^^
  File "/home/zuma/work/sneda-motors-ecormerce/env/lib/python3.12/site-packages/django/views/decorators/csrf.py", line 65, in _view_wrapper
    return view_func(request, *args, **kwargs)
           ^^^^^^^^^^^^^^^^^^^^^^^^^^^^^^^^^^^
  File "/home/zuma/work/sneda-motors-ecormerce/env/lib/python3.12/site-packages/django/views/generic/base.py", line 105, in view
    return self.dispatch(request, *args, **kwargs)
           ^^^^^^^^^^^^^^^^^^^^^^^^^^^^^^^^^^^^^^^
  File "/home/zuma/work/sneda-motors-ecormerce/env/lib/python3.12/site-packages/rest_framework/views.py", line 515, in dispatch
    response = self.handle_exception(exc)
               ^^^^^^^^^^^^^^^^^^^^^^^^^^
  File "/home/zuma/work/sneda-motors-ecormerce/env/lib/python3.12/site-packages/rest_framework/views.py", line 475, in handle_exception
    self.raise_uncaught_exception(exc)
  File "/home/zuma/work/sneda-motors-ecormerce/env/lib/python3.12/site-packages/rest_framework/views.py", line 486, in raise_uncaught_exception
    raise exc
  File "/home/zuma/work/sneda-motors-ecormerce/env/lib/python3.12/site-packages/rest_framework/views.py", line 512, in dispatch
    response = handler(request, *args, **kwargs)
               ^^^^^^^^^^^^^^^^^^^^^^^^^^^^^^^^^
  File "/home/zuma/work/sneda-motors-ecormerce/env/lib/python3.12/site-packages/drf_yasg/views.py", line 129, in get
    schema = generator.get_schema(request, self.public)
             ^^^^^^^^^^^^^^^^^^^^^^^^^^^^^^^^^^^^^^^^^^
  File "/home/zuma/work/sneda-motors-ecormerce/env/lib/python3.12/site-packages/drf_yasg/generators.py", line 337, in get_schema
    paths, prefix = self.get_paths(endpoints, components, request, public)
                    ^^^^^^^^^^^^^^^^^^^^^^^^^^^^^^^^^^^^^^^^^^^^^^^^^^^^^^
  File "/home/zuma/work/sneda-motors-ecormerce/env/lib/python3.12/site-packages/drf_yasg/generators.py", line 561, in get_paths
    operation = self.get_operation(
                ^^^^^^^^^^^^^^^^^^^
  File "/home/zuma/work/sneda-motors-ecormerce/env/lib/python3.12/site-packages/drf_yasg/generators.py", line 609, in get_operation
    operation = view_inspector.get_operation(operation_keys)
                ^^^^^^^^^^^^^^^^^^^^^^^^^^^^^^^^^^^^^^^^^^^^
  File "/home/zuma/work/sneda-motors-ecormerce/env/lib/python3.12/site-packages/drf_yasg/inspectors/view.py", line 58, in get_operation
    responses = self.get_responses()
                ^^^^^^^^^^^^^^^^^^^^
  File "/home/zuma/work/sneda-motors-ecormerce/env/lib/python3.12/site-packages/drf_yasg/inspectors/view.py", line 224, in get_responses
    response_serializers = self.get_response_serializers()
                           ^^^^^^^^^^^^^^^^^^^^^^^^^^^^^^^
  File "/home/zuma/work/sneda-motors-ecormerce/env/lib/python3.12/site-packages/drf_yasg/inspectors/view.py", line 289, in get_response_serializers
    responses = self.get_default_responses()
                ^^^^^^^^^^^^^^^^^^^^^^^^^^^^
  File "/home/zuma/work/sneda-motors-ecormerce/env/lib/python3.12/site-packages/drf_yasg/inspectors/view.py", line 257, in get_default_responses
    default_schema = self.serializer_to_schema(default_schema) or ""
                     ^^^^^^^^^^^^^^^^^^^^^^^^^^^^^^^^^^^^^^^^^
  File "/home/zuma/work/sneda-motors-ecormerce/env/lib/python3.12/site-packages/drf_yasg/inspectors/base.py", line 551, in serializer_to_schema
    return self.probe_inspectors(
           ^^^^^^^^^^^^^^^^^^^^^^
  File "/home/zuma/work/sneda-motors-ecormerce/env/lib/python3.12/site-packages/drf_yasg/inspectors/base.py", line 137, in probe_inspectors
    result = method(obj, **kwargs)
             ^^^^^^^^^^^^^^^^^^^^^
  File "/home/zuma/work/sneda-motors-ecormerce/env/lib/python3.12/site-packages/drf_yasg/inspectors/field.py", line 55, in get_schema
    return self.probe_field_inspectors(
           ^^^^^^^^^^^^^^^^^^^^^^^^^^^^
  File "/home/zuma/work/sneda-motors-ecormerce/env/lib/python3.12/site-packages/drf_yasg/inspectors/base.py", line 277, in probe_field_inspectors
    return self.probe_inspectors(
           ^^^^^^^^^^^^^^^^^^^^^^
  File "/home/zuma/work/sneda-motors-ecormerce/env/lib/python3.12/site-packages/drf_yasg/inspectors/base.py", line 137, in probe_inspectors
    result = method(obj, **kwargs)
             ^^^^^^^^^^^^^^^^^^^^^
  File "/home/zuma/work/sneda-motors-ecormerce/env/lib/python3.12/site-packages/drf_yasg/inspectors/field.py", line 154, in field_to_swagger_object
    actual_schema = definitions.setdefault(ref_name, make_schema_definition)
                    ^^^^^^^^^^^^^^^^^^^^^^^^^^^^^^^^^^^^^^^^^^^^^^^^^^^^^^^^
  File "/home/zuma/work/sneda-motors-ecormerce/env/lib/python3.12/site-packages/drf_yasg/openapi.py", line 822, in setdefault
    ret = maker()
          ^^^^^^^
  File "/home/zuma/work/sneda-motors-ecormerce/env/lib/python3.12/site-packages/drf_yasg/inspectors/field.py", line 130, in make_schema_definition
    child_schema = self.probe_field_inspectors(
                   ^^^^^^^^^^^^^^^^^^^^^^^^^^^^
  File "/home/zuma/work/sneda-motors-ecormerce/env/lib/python3.12/site-packages/drf_yasg/inspectors/base.py", line 277, in probe_field_inspectors
    return self.probe_inspectors(
           ^^^^^^^^^^^^^^^^^^^^^^
  File "/home/zuma/work/sneda-motors-ecormerce/env/lib/python3.12/site-packages/drf_yasg/inspectors/base.py", line 137, in probe_inspectors
    result = method(obj, **kwargs)
             ^^^^^^^^^^^^^^^^^^^^^
  File "/home/zuma/work/sneda-motors-ecormerce/env/lib/python3.12/site-packages/drf_yasg/inspectors/field.py", line 154, in field_to_swagger_object
    actual_schema = definitions.setdefault(ref_name, make_schema_definition)
                    ^^^^^^^^^^^^^^^^^^^^^^^^^^^^^^^^^^^^^^^^^^^^^^^^^^^^^^^^
  File "/home/zuma/work/sneda-motors-ecormerce/env/lib/python3.12/site-packages/drf_yasg/openapi.py", line 822, in setdefault
    ret = maker()
          ^^^^^^^
  File "/home/zuma/work/sneda-motors-ecormerce/env/lib/python3.12/site-packages/drf_yasg/inspectors/field.py", line 125, in make_schema_definition
    for property_name, child in serializer.fields.items():
                                ^^^^^^^^^^^^^^^^^
  File "/home/zuma/work/sneda-motors-ecormerce/env/lib/python3.12/site-packages/django/utils/functional.py", line 47, in __get__
    res = instance.__dict__[self.name] = self.func(instance)
                                         ^^^^^^^^^^^^^^^^^^^
  File "/home/zuma/work/sneda-motors-ecormerce/env/lib/python3.12/site-packages/rest_framework/serializers.py", line 374, in fields
    for key, value in self.get_fields().items():
                      ^^^^^^^^^^^^^^^^^
  File "/home/zuma/work/sneda-motors-ecormerce/env/lib/python3.12/site-packages/rest_framework/serializers.py", line 1056, in get_fields
    assert hasattr(self, 'Meta'), (
           ^^^^^^^^^^^^^^^^^^^^^
AssertionError: Class ProductSerializer missing "Meta" attribute
[2025-12-08 16:27:02,485] [ERROR] django.server - "GET /redoc/?format=openapi HTTP/1.1" 500 240207
